  Determining projects to restore...
  All projects are up-to-date for restore.
C:\Users\BRAN\OneDrive\Desktop\proyecto granizado\GranisadosCandyCocktail\Cocktail.back\Services\AuthService.cs(33,24): warning CS8603: Possible null reference return. [C:\Users\BRAN\OneDrive\Desktop\proyecto granizado\GranisadosCandyCocktail\Cocktail.back\Cocktail.back.csproj]
C:\Users\BRAN\OneDrive\Desktop\proyecto granizado\GranisadosCandyCocktail\Cocktail.back\Services\AuthService.cs(66,71): warning CS8604: Possible null reference argument for parameter 's' in 'byte[] Encoding.GetBytes(string s)'. [C:\Users\BRAN\OneDrive\Desktop\proyecto granizado\GranisadosCandyCocktail\Cocktail.back\Cocktail.back.csproj]
C:\Users\BRAN\OneDrive\Desktop\proyecto granizado\GranisadosCandyCocktail\Cocktail.back\Program.cs(17,18): error CS1061: 'IServiceCollection' does not contain a definition for 'AddSwaggerGen' and no accessible extension method 'AddSwaggerGen' accepting a first argument of type 'IServiceCollection' could be found (are you missing a using directive or an assembly reference?) [C:\Users\BRAN\OneDrive\Desktop\proyecto granizado\GranisadosCandyCocktail\Cocktail.back\Cocktail.back.csproj]
C:\Users\BRAN\OneDrive\Desktop\proyecto granizado\GranisadosCandyCocktail\Cocktail.back\Program.cs(70,9): error CS1061: 'WebApplication' does not contain a definition for 'UseSwagger' and no accessible extension method 'UseSwagger' accepting a first argument of type 'WebApplication' could be found (are you missing a using directive or an assembly reference?) [C:\Users\BRAN\OneDrive\Desktop\proyecto granizado\GranisadosCandyCocktail\Cocktail.back\Cocktail.back.csproj]
C:\Users\BRAN\OneDrive\Desktop\proyecto granizado\GranisadosCandyCocktail\Cocktail.back\Program.cs(71,9): error CS1061: 'WebApplication' does not contain a definition for 'UseSwaggerUI' and no accessible extension method 'UseSwaggerUI' accepting a first argument of type 'WebApplication' could be found (are you missing a using directive or an assembly reference?) [C:\Users\BRAN\OneDrive\Desktop\proyecto granizado\GranisadosCandyCocktail\Cocktail.back\Cocktail.back.csproj]
C:\Users\BRAN\OneDrive\Desktop\proyecto granizado\GranisadosCandyCocktail\Cocktail.back\Program.cs(53,80): warning CS8604: Possible null reference argument for parameter 's' in 'byte[] Encoding.GetBytes(string s)'. [C:\Users\BRAN\OneDrive\Desktop\proyecto granizado\GranisadosCandyCocktail\Cocktail.back\Cocktail.back.csproj]

Build FAILED.

C:\Users\BRAN\OneDrive\Desktop\proyecto granizado\GranisadosCandyCocktail\Cocktail.back\Services\AuthService.cs(33,24): warning CS8603: Possible null reference return. [C:\Users\BRAN\OneDrive\Desktop\proyecto granizado\GranisadosCandyCocktail\Cocktail.back\Cocktail.back.csproj]
C:\Users\BRAN\OneDrive\Desktop\proyecto granizado\GranisadosCandyCocktail\Cocktail.back\Services\AuthService.cs(66,71): warning CS8604: Possible null reference argument for parameter 's' in 'byte[] Encoding.GetBytes(string s)'. [C:\Users\BRAN\OneDrive\Desktop\proyecto granizado\GranisadosCandyCocktail\Cocktail.back\Cocktail.back.csproj]
C:\Users\BRAN\OneDrive\Desktop\proyecto granizado\GranisadosCandyCocktail\Cocktail.back\Program.cs(53,80): warning CS8604: Possible null reference argument for parameter 's' in 'byte[] Encoding.GetBytes(string s)'. [C:\Users\BRAN\OneDrive\Desktop\proyecto granizado\GranisadosCandyCocktail\Cocktail.back\Cocktail.back.csproj]
C:\Users\BRAN\OneDrive\Desktop\proyecto granizado\GranisadosCandyCocktail\Cocktail.back\Program.cs(17,18): error CS1061: 'IServiceCollection' does not contain a definition for 'AddSwaggerGen' and no accessible extension method 'AddSwaggerGen' accepting a first argument of type 'IServiceCollection' could be found (are you missing a using directive or an assembly reference?) [C:\Users\BRAN\OneDrive\Desktop\proyecto granizado\GranisadosCandyCocktail\Cocktail.back\Cocktail.back.csproj]
C:\Users\BRAN\OneDrive\Desktop\proyecto granizado\GranisadosCandyCocktail\Cocktail.back\Program.cs(70,9): error CS1061: 'WebApplication' does not contain a definition for 'UseSwagger' and no accessible extension method 'UseSwagger' accepting a first argument of type 'WebApplication' could be found (are you missing a using directive or an assembly reference?) [C:\Users\BRAN\OneDrive\Desktop\proyecto granizado\GranisadosCandyCocktail\Cocktail.back\Cocktail.back.csproj]
C:\Users\BRAN\OneDrive\Desktop\proyecto granizado\GranisadosCandyCocktail\Cocktail.back\Program.cs(71,9): error CS1061: 'WebApplication' does not contain a definition for 'UseSwaggerUI' and no accessible extension method 'UseSwaggerUI' accepting a first argument of type 'WebApplication' could be found (are you missing a using directive or an assembly reference?) [C:\Users\BRAN\OneDrive\Desktop\proyecto granizado\GranisadosCandyCocktail\Cocktail.back\Cocktail.back.csproj]
    3 Warning(s)
    3 Error(s)

Time Elapsed 00:00:02.50

Workload updates are available. Run `dotnet workload list` for more information.
