  Determinando los proyectos que se van a restaurar...
  Todos los proyectos est├ín actualizados para la restauraci├│n.
C:\Users\BRAN\OneDrive\Desktop\proyecto granizado\GranisadosCandyCocktail\Cocktail.back\Data\ApplicationDbContext.cs(1,17): error CS0234: El tipo o el nombre del espacio de nombres 'EntityFrameworkCore' no existe en el espacio de nombres 'Microsoft' (┬┐falta alguna referencia de ensamblado?) [C:\Users\BRAN\OneDrive\Desktop\proyecto granizado\GranisadosCandyCocktail\Cocktail.back\Cocktail.back.csproj]
C:\Users\BRAN\OneDrive\Desktop\proyecto granizado\GranisadosCandyCocktail\Cocktail.back\Program.cs(4,43): error CS0234: El tipo o el nombre del espacio de nombres 'JwtBearer' no existe en el espacio de nombres 'Microsoft.AspNetCore.Authentication' (┬┐falta alguna referencia de ensamblado?) [C:\Users\BRAN\OneDrive\Desktop\proyecto granizado\GranisadosCandyCocktail\Cocktail.back\Cocktail.back.csproj]
C:\Users\BRAN\OneDrive\Desktop\proyecto granizado\GranisadosCandyCocktail\Cocktail.back\Program.cs(5,17): error CS0234: El tipo o el nombre del espacio de nombres 'EntityFrameworkCore' no existe en el espacio de nombres 'Microsoft' (┬┐falta alguna referencia de ensamblado?) [C:\Users\BRAN\OneDrive\Desktop\proyecto granizado\GranisadosCandyCocktail\Cocktail.back\Cocktail.back.csproj]
C:\Users\BRAN\OneDrive\Desktop\proyecto granizado\GranisadosCandyCocktail\Cocktail.back\Program.cs(6,17): error CS0234: El tipo o el nombre del espacio de nombres 'IdentityModel' no existe en el espacio de nombres 'Microsoft' (┬┐falta alguna referencia de ensamblado?) [C:\Users\BRAN\OneDrive\Desktop\proyecto granizado\GranisadosCandyCocktail\Cocktail.back\Cocktail.back.csproj]
C:\Users\BRAN\OneDrive\Desktop\proyecto granizado\GranisadosCandyCocktail\Cocktail.back\Repositories\ProductRepository.cs(3,17): error CS0234: El tipo o el nombre del espacio de nombres 'EntityFrameworkCore' no existe en el espacio de nombres 'Microsoft' (┬┐falta alguna referencia de ensamblado?) [C:\Users\BRAN\OneDrive\Desktop\proyecto granizado\GranisadosCandyCocktail\Cocktail.back\Cocktail.back.csproj]
C:\Users\BRAN\OneDrive\Desktop\proyecto granizado\GranisadosCandyCocktail\Cocktail.back\Repositories\UserRepository.cs(3,17): error CS0234: El tipo o el nombre del espacio de nombres 'EntityFrameworkCore' no existe en el espacio de nombres 'Microsoft' (┬┐falta alguna referencia de ensamblado?) [C:\Users\BRAN\OneDrive\Desktop\proyecto granizado\GranisadosCandyCocktail\Cocktail.back\Cocktail.back.csproj]
C:\Users\BRAN\OneDrive\Desktop\proyecto granizado\GranisadosCandyCocktail\Cocktail.back\Services\AuthService.cs(5,17): error CS0234: El tipo o el nombre del espacio de nombres 'IdentityModel' no existe en el espacio de nombres 'Microsoft' (┬┐falta alguna referencia de ensamblado?) [C:\Users\BRAN\OneDrive\Desktop\proyecto granizado\GranisadosCandyCocktail\Cocktail.back\Cocktail.back.csproj]
C:\Users\BRAN\OneDrive\Desktop\proyecto granizado\GranisadosCandyCocktail\Cocktail.back\Services\AuthService.cs(6,14): error CS0234: El tipo o el nombre del espacio de nombres 'IdentityModel' no existe en el espacio de nombres 'System' (┬┐falta alguna referencia de ensamblado?) [C:\Users\BRAN\OneDrive\Desktop\proyecto granizado\GranisadosCandyCocktail\Cocktail.back\Cocktail.back.csproj]
C:\Users\BRAN\OneDrive\Desktop\proyecto granizado\GranisadosCandyCocktail\Cocktail.back\Data\ApplicationDbContext.cs(6,41): error CS0246: El nombre del tipo o del espacio de nombres 'DbContext' no se encontr├│ (┬┐falta una directiva using o una referencia de ensamblado?) [C:\Users\BRAN\OneDrive\Desktop\proyecto granizado\GranisadosCandyCocktail\Cocktail.back\Cocktail.back.csproj]
C:\Users\BRAN\OneDrive\Desktop\proyecto granizado\GranisadosCandyCocktail\Cocktail.back\Data\ApplicationDbContext.cs(8,37): error CS0246: El nombre del tipo o del espacio de nombres 'DbContextOptions<>' no se encontr├│ (┬┐falta una directiva using o una referencia de ensamblado?) [C:\Users\BRAN\OneDrive\Desktop\proyecto granizado\GranisadosCandyCocktail\Cocktail.back\Cocktail.back.csproj]
C:\Users\BRAN\OneDrive\Desktop\proyecto granizado\GranisadosCandyCocktail\Cocktail.back\Data\ApplicationDbContext.cs(12,16): error CS0246: El nombre del tipo o del espacio de nombres 'DbSet<>' no se encontr├│ (┬┐falta una directiva using o una referencia de ensamblado?) [C:\Users\BRAN\OneDrive\Desktop\proyecto granizado\GranisadosCandyCocktail\Cocktail.back\Cocktail.back.csproj]
C:\Users\BRAN\OneDrive\Desktop\proyecto granizado\GranisadosCandyCocktail\Cocktail.back\Data\ApplicationDbContext.cs(13,16): error CS0246: El nombre del tipo o del espacio de nombres 'DbSet<>' no se encontr├│ (┬┐falta una directiva using o una referencia de ensamblado?) [C:\Users\BRAN\OneDrive\Desktop\proyecto granizado\GranisadosCandyCocktail\Cocktail.back\Cocktail.back.csproj]
C:\Users\BRAN\OneDrive\Desktop\proyecto granizado\GranisadosCandyCocktail\Cocktail.back\Data\ApplicationDbContext.cs(14,16): error CS0246: El nombre del tipo o del espacio de nombres 'DbSet<>' no se encontr├│ (┬┐falta una directiva using o una referencia de ensamblado?) [C:\Users\BRAN\OneDrive\Desktop\proyecto granizado\GranisadosCandyCocktail\Cocktail.back\Cocktail.back.csproj]
C:\Users\BRAN\OneDrive\Desktop\proyecto granizado\GranisadosCandyCocktail\Cocktail.back\Data\ApplicationDbContext.cs(16,49): error CS0246: El nombre del tipo o del espacio de nombres 'ModelBuilder' no se encontr├│ (┬┐falta una directiva using o una referencia de ensamblado?) [C:\Users\BRAN\OneDrive\Desktop\proyecto granizado\GranisadosCandyCocktail\Cocktail.back\Cocktail.back.csproj]
C:\Users\BRAN\OneDrive\Desktop\proyecto granizado\GranisadosCandyCocktail\Cocktail.back\Services\AuthService.cs(15,26): error CS0246: El nombre del tipo o del espacio de nombres 'ApplicationDbContext' no se encontr├│ (┬┐falta una directiva using o una referencia de ensamblado?) [C:\Users\BRAN\OneDrive\Desktop\proyecto granizado\GranisadosCandyCocktail\Cocktail.back\Cocktail.back.csproj]
C:\Users\BRAN\OneDrive\Desktop\proyecto granizado\GranisadosCandyCocktail\Cocktail.back\Services\AuthService.cs(18,60): error CS0246: El nombre del tipo o del espacio de nombres 'ApplicationDbContext' no se encontr├│ (┬┐falta una directiva using o una referencia de ensamblado?) [C:\Users\BRAN\OneDrive\Desktop\proyecto granizado\GranisadosCandyCocktail\Cocktail.back\Cocktail.back.csproj]

ERROR al compilar.

C:\Users\BRAN\OneDrive\Desktop\proyecto granizado\GranisadosCandyCocktail\Cocktail.back\Data\ApplicationDbContext.cs(1,17): error CS0234: El tipo o el nombre del espacio de nombres 'EntityFrameworkCore' no existe en el espacio de nombres 'Microsoft' (┬┐falta alguna referencia de ensamblado?) [C:\Users\BRAN\OneDrive\Desktop\proyecto granizado\GranisadosCandyCocktail\Cocktail.back\Cocktail.back.csproj]
C:\Users\BRAN\OneDrive\Desktop\proyecto granizado\GranisadosCandyCocktail\Cocktail.back\Program.cs(4,43): error CS0234: El tipo o el nombre del espacio de nombres 'JwtBearer' no existe en el espacio de nombres 'Microsoft.AspNetCore.Authentication' (┬┐falta alguna referencia de ensamblado?) [C:\Users\BRAN\OneDrive\Desktop\proyecto granizado\GranisadosCandyCocktail\Cocktail.back\Cocktail.back.csproj]
C:\Users\BRAN\OneDrive\Desktop\proyecto granizado\GranisadosCandyCocktail\Cocktail.back\Program.cs(5,17): error CS0234: El tipo o el nombre del espacio de nombres 'EntityFrameworkCore' no existe en el espacio de nombres 'Microsoft' (┬┐falta alguna referencia de ensamblado?) [C:\Users\BRAN\OneDrive\Desktop\proyecto granizado\GranisadosCandyCocktail\Cocktail.back\Cocktail.back.csproj]
C:\Users\BRAN\OneDrive\Desktop\proyecto granizado\GranisadosCandyCocktail\Cocktail.back\Program.cs(6,17): error CS0234: El tipo o el nombre del espacio de nombres 'IdentityModel' no existe en el espacio de nombres 'Microsoft' (┬┐falta alguna referencia de ensamblado?) [C:\Users\BRAN\OneDrive\Desktop\proyecto granizado\GranisadosCandyCocktail\Cocktail.back\Cocktail.back.csproj]
C:\Users\BRAN\OneDrive\Desktop\proyecto granizado\GranisadosCandyCocktail\Cocktail.back\Repositories\ProductRepository.cs(3,17): error CS0234: El tipo o el nombre del espacio de nombres 'EntityFrameworkCore' no existe en el espacio de nombres 'Microsoft' (┬┐falta alguna referencia de ensamblado?) [C:\Users\BRAN\OneDrive\Desktop\proyecto granizado\GranisadosCandyCocktail\Cocktail.back\Cocktail.back.csproj]
C:\Users\BRAN\OneDrive\Desktop\proyecto granizado\GranisadosCandyCocktail\Cocktail.back\Repositories\UserRepository.cs(3,17): error CS0234: El tipo o el nombre del espacio de nombres 'EntityFrameworkCore' no existe en el espacio de nombres 'Microsoft' (┬┐falta alguna referencia de ensamblado?) [C:\Users\BRAN\OneDrive\Desktop\proyecto granizado\GranisadosCandyCocktail\Cocktail.back\Cocktail.back.csproj]
C:\Users\BRAN\OneDrive\Desktop\proyecto granizado\GranisadosCandyCocktail\Cocktail.back\Services\AuthService.cs(5,17): error CS0234: El tipo o el nombre del espacio de nombres 'IdentityModel' no existe en el espacio de nombres 'Microsoft' (┬┐falta alguna referencia de ensamblado?) [C:\Users\BRAN\OneDrive\Desktop\proyecto granizado\GranisadosCandyCocktail\Cocktail.back\Cocktail.back.csproj]
C:\Users\BRAN\OneDrive\Desktop\proyecto granizado\GranisadosCandyCocktail\Cocktail.back\Services\AuthService.cs(6,14): error CS0234: El tipo o el nombre del espacio de nombres 'IdentityModel' no existe en el espacio de nombres 'System' (┬┐falta alguna referencia de ensamblado?) [C:\Users\BRAN\OneDrive\Desktop\proyecto granizado\GranisadosCandyCocktail\Cocktail.back\Cocktail.back.csproj]
C:\Users\BRAN\OneDrive\Desktop\proyecto granizado\GranisadosCandyCocktail\Cocktail.back\Data\ApplicationDbContext.cs(6,41): error CS0246: El nombre del tipo o del espacio de nombres 'DbContext' no se encontr├│ (┬┐falta una directiva using o una referencia de ensamblado?) [C:\Users\BRAN\OneDrive\Desktop\proyecto granizado\GranisadosCandyCocktail\Cocktail.back\Cocktail.back.csproj]
C:\Users\BRAN\OneDrive\Desktop\proyecto granizado\GranisadosCandyCocktail\Cocktail.back\Data\ApplicationDbContext.cs(8,37): error CS0246: El nombre del tipo o del espacio de nombres 'DbContextOptions<>' no se encontr├│ (┬┐falta una directiva using o una referencia de ensamblado?) [C:\Users\BRAN\OneDrive\Desktop\proyecto granizado\GranisadosCandyCocktail\Cocktail.back\Cocktail.back.csproj]
C:\Users\BRAN\OneDrive\Desktop\proyecto granizado\GranisadosCandyCocktail\Cocktail.back\Data\ApplicationDbContext.cs(12,16): error CS0246: El nombre del tipo o del espacio de nombres 'DbSet<>' no se encontr├│ (┬┐falta una directiva using o una referencia de ensamblado?) [C:\Users\BRAN\OneDrive\Desktop\proyecto granizado\GranisadosCandyCocktail\Cocktail.back\Cocktail.back.csproj]
C:\Users\BRAN\OneDrive\Desktop\proyecto granizado\GranisadosCandyCocktail\Cocktail.back\Data\ApplicationDbContext.cs(13,16): error CS0246: El nombre del tipo o del espacio de nombres 'DbSet<>' no se encontr├│ (┬┐falta una directiva using o una referencia de ensamblado?) [C:\Users\BRAN\OneDrive\Desktop\proyecto granizado\GranisadosCandyCocktail\Cocktail.back\Cocktail.back.csproj]
C:\Users\BRAN\OneDrive\Desktop\proyecto granizado\GranisadosCandyCocktail\Cocktail.back\Data\ApplicationDbContext.cs(14,16): error CS0246: El nombre del tipo o del espacio de nombres 'DbSet<>' no se encontr├│ (┬┐falta una directiva using o una referencia de ensamblado?) [C:\Users\BRAN\OneDrive\Desktop\proyecto granizado\GranisadosCandyCocktail\Cocktail.back\Cocktail.back.csproj]
C:\Users\BRAN\OneDrive\Desktop\proyecto granizado\GranisadosCandyCocktail\Cocktail.back\Data\ApplicationDbContext.cs(16,49): error CS0246: El nombre del tipo o del espacio de nombres 'ModelBuilder' no se encontr├│ (┬┐falta una directiva using o una referencia de ensamblado?) [C:\Users\BRAN\OneDrive\Desktop\proyecto granizado\GranisadosCandyCocktail\Cocktail.back\Cocktail.back.csproj]
C:\Users\BRAN\OneDrive\Desktop\proyecto granizado\GranisadosCandyCocktail\Cocktail.back\Services\AuthService.cs(15,26): error CS0246: El nombre del tipo o del espacio de nombres 'ApplicationDbContext' no se encontr├│ (┬┐falta una directiva using o una referencia de ensamblado?) [C:\Users\BRAN\OneDrive\Desktop\proyecto granizado\GranisadosCandyCocktail\Cocktail.back\Cocktail.back.csproj]
C:\Users\BRAN\OneDrive\Desktop\proyecto granizado\GranisadosCandyCocktail\Cocktail.back\Services\AuthService.cs(18,60): error CS0246: El nombre del tipo o del espacio de nombres 'ApplicationDbContext' no se encontr├│ (┬┐falta una directiva using o una referencia de ensamblado?) [C:\Users\BRAN\OneDrive\Desktop\proyecto granizado\GranisadosCandyCocktail\Cocktail.back\Cocktail.back.csproj]
    0 Advertencia(s)
    16 Errores

Tiempo transcurrido 00:00:02.94

Hay actualizaciones de carga de trabajo disponibles. Ejecute "dotnet workload list" para obtener m├ís informaci├│n.
