  Determinando los proyectos que se van a restaurar...
  Todos los proyectos est├ín actualizados para la restauraci├│n.
C:\Program Files\dotnet\sdk\9.0.300\Microsoft.Common.CurrentVersion.targets(5395,5): warning MSB3026: No se pudo copiar "C:\Users\BRAN\OneDrive\Desktop\proyecto granizado\GranisadosCandyCocktail\Cocktail.back\obj\Debug\net9.0\apphost.exe" en "bin\Debug\net9.0\Cocktail.back.exe". Se iniciar├í el reintento 1 dentro de 1000ms. The process cannot access the file 'C:\Users\BRAN\OneDrive\Desktop\proyecto granizado\GranisadosCandyCocktail\Cocktail.back\bin\Debug\net9.0\Cocktail.back.exe' because it is being used by another process. El archivo se ha bloqueado por: "Cocktail.back (324)" [C:\Users\BRAN\OneDrive\Desktop\proyecto granizado\GranisadosCandyCocktail\Cocktail.back\Cocktail.back.csproj]
C:\Program Files\dotnet\sdk\9.0.300\Microsoft.Common.CurrentVersion.targets(5395,5): warning MSB3026: No se pudo copiar "C:\Users\BRAN\OneDrive\Desktop\proyecto granizado\GranisadosCandyCocktail\Cocktail.back\obj\Debug\net9.0\apphost.exe" en "bin\Debug\net9.0\Cocktail.back.exe". Se iniciar├í el reintento 2 dentro de 1000ms. The process cannot access the file 'C:\Users\BRAN\OneDrive\Desktop\proyecto granizado\GranisadosCandyCocktail\Cocktail.back\bin\Debug\net9.0\Cocktail.back.exe' because it is being used by another process. El archivo se ha bloqueado por: "Cocktail.back (324)" [C:\Users\BRAN\OneDrive\Desktop\proyecto granizado\GranisadosCandyCocktail\Cocktail.back\Cocktail.back.csproj]
C:\Program Files\dotnet\sdk\9.0.300\Microsoft.Common.CurrentVersion.targets(5395,5): warning MSB3026: No se pudo copiar "C:\Users\BRAN\OneDrive\Desktop\proyecto granizado\GranisadosCandyCocktail\Cocktail.back\obj\Debug\net9.0\apphost.exe" en "bin\Debug\net9.0\Cocktail.back.exe". Se iniciar├í el reintento 3 dentro de 1000ms. The process cannot access the file 'C:\Users\BRAN\OneDrive\Desktop\proyecto granizado\GranisadosCandyCocktail\Cocktail.back\bin\Debug\net9.0\Cocktail.back.exe' because it is being used by another process. El archivo se ha bloqueado por: "Cocktail.back (324)" [C:\Users\BRAN\OneDrive\Desktop\proyecto granizado\GranisadosCandyCocktail\Cocktail.back\Cocktail.back.csproj]
C:\Program Files\dotnet\sdk\9.0.300\Microsoft.Common.CurrentVersion.targets(5395,5): warning MSB3026: No se pudo copiar "C:\Users\BRAN\OneDrive\Desktop\proyecto granizado\GranisadosCandyCocktail\Cocktail.back\obj\Debug\net9.0\apphost.exe" en "bin\Debug\net9.0\Cocktail.back.exe". Se iniciar├í el reintento 4 dentro de 1000ms. The process cannot access the file 'C:\Users\BRAN\OneDrive\Desktop\proyecto granizado\GranisadosCandyCocktail\Cocktail.back\bin\Debug\net9.0\Cocktail.back.exe' because it is being used by another process. El archivo se ha bloqueado por: "Cocktail.back (324)" [C:\Users\BRAN\OneDrive\Desktop\proyecto granizado\GranisadosCandyCocktail\Cocktail.back\Cocktail.back.csproj]
C:\Program Files\dotnet\sdk\9.0.300\Microsoft.Common.CurrentVersion.targets(5395,5): warning MSB3026: No se pudo copiar "C:\Users\BRAN\OneDrive\Desktop\proyecto granizado\GranisadosCandyCocktail\Cocktail.back\obj\Debug\net9.0\apphost.exe" en "bin\Debug\net9.0\Cocktail.back.exe". Se iniciar├í el reintento 5 dentro de 1000ms. The process cannot access the file 'C:\Users\BRAN\OneDrive\Desktop\proyecto granizado\GranisadosCandyCocktail\Cocktail.back\bin\Debug\net9.0\Cocktail.back.exe' because it is being used by another process. El archivo se ha bloqueado por: "Cocktail.back (324)" [C:\Users\BRAN\OneDrive\Desktop\proyecto granizado\GranisadosCandyCocktail\Cocktail.back\Cocktail.back.csproj]
C:\Program Files\dotnet\sdk\9.0.300\Microsoft.Common.CurrentVersion.targets(5395,5): warning MSB3026: No se pudo copiar "C:\Users\BRAN\OneDrive\Desktop\proyecto granizado\GranisadosCandyCocktail\Cocktail.back\obj\Debug\net9.0\apphost.exe" en "bin\Debug\net9.0\Cocktail.back.exe". Se iniciar├í el reintento 6 dentro de 1000ms. The process cannot access the file 'C:\Users\BRAN\OneDrive\Desktop\proyecto granizado\GranisadosCandyCocktail\Cocktail.back\bin\Debug\net9.0\Cocktail.back.exe' because it is being used by another process. El archivo se ha bloqueado por: "Cocktail.back (324)" [C:\Users\BRAN\OneDrive\Desktop\proyecto granizado\GranisadosCandyCocktail\Cocktail.back\Cocktail.back.csproj]
C:\Program Files\dotnet\sdk\9.0.300\Microsoft.Common.CurrentVersion.targets(5395,5): warning MSB3026: No se pudo copiar "C:\Users\BRAN\OneDrive\Desktop\proyecto granizado\GranisadosCandyCocktail\Cocktail.back\obj\Debug\net9.0\apphost.exe" en "bin\Debug\net9.0\Cocktail.back.exe". Se iniciar├í el reintento 7 dentro de 1000ms. The process cannot access the file 'C:\Users\BRAN\OneDrive\Desktop\proyecto granizado\GranisadosCandyCocktail\Cocktail.back\bin\Debug\net9.0\Cocktail.back.exe' because it is being used by another process. El archivo se ha bloqueado por: "Cocktail.back (324)" [C:\Users\BRAN\OneDrive\Desktop\proyecto granizado\GranisadosCandyCocktail\Cocktail.back\Cocktail.back.csproj]
C:\Program Files\dotnet\sdk\9.0.300\Microsoft.Common.CurrentVersion.targets(5395,5): warning MSB3026: No se pudo copiar "C:\Users\BRAN\OneDrive\Desktop\proyecto granizado\GranisadosCandyCocktail\Cocktail.back\obj\Debug\net9.0\apphost.exe" en "bin\Debug\net9.0\Cocktail.back.exe". Se iniciar├í el reintento 8 dentro de 1000ms. The process cannot access the file 'C:\Users\BRAN\OneDrive\Desktop\proyecto granizado\GranisadosCandyCocktail\Cocktail.back\bin\Debug\net9.0\Cocktail.back.exe' because it is being used by another process. El archivo se ha bloqueado por: "Cocktail.back (324)" [C:\Users\BRAN\OneDrive\Desktop\proyecto granizado\GranisadosCandyCocktail\Cocktail.back\Cocktail.back.csproj]
C:\Program Files\dotnet\sdk\9.0.300\Microsoft.Common.CurrentVersion.targets(5395,5): warning MSB3026: No se pudo copiar "C:\Users\BRAN\OneDrive\Desktop\proyecto granizado\GranisadosCandyCocktail\Cocktail.back\obj\Debug\net9.0\apphost.exe" en "bin\Debug\net9.0\Cocktail.back.exe". Se iniciar├í el reintento 9 dentro de 1000ms. The process cannot access the file 'C:\Users\BRAN\OneDrive\Desktop\proyecto granizado\GranisadosCandyCocktail\Cocktail.back\bin\Debug\net9.0\Cocktail.back.exe' because it is being used by another process. El archivo se ha bloqueado por: "Cocktail.back (324)" [C:\Users\BRAN\OneDrive\Desktop\proyecto granizado\GranisadosCandyCocktail\Cocktail.back\Cocktail.back.csproj]
C:\Program Files\dotnet\sdk\9.0.300\Microsoft.Common.CurrentVersion.targets(5395,5): warning MSB3026: No se pudo copiar "C:\Users\BRAN\OneDrive\Desktop\proyecto granizado\GranisadosCandyCocktail\Cocktail.back\obj\Debug\net9.0\apphost.exe" en "bin\Debug\net9.0\Cocktail.back.exe". Se iniciar├í el reintento 10 dentro de 1000ms. The process cannot access the file 'C:\Users\BRAN\OneDrive\Desktop\proyecto granizado\GranisadosCandyCocktail\Cocktail.back\bin\Debug\net9.0\Cocktail.back.exe' because it is being used by another process. El archivo se ha bloqueado por: "Cocktail.back (324)" [C:\Users\BRAN\OneDrive\Desktop\proyecto granizado\GranisadosCandyCocktail\Cocktail.back\Cocktail.back.csproj]
C:\Program Files\dotnet\sdk\9.0.300\Microsoft.Common.CurrentVersion.targets(5395,5): error MSB3027: No se pudo copiar "C:\Users\BRAN\OneDrive\Desktop\proyecto granizado\GranisadosCandyCocktail\Cocktail.back\obj\Debug\net9.0\apphost.exe" en "bin\Debug\net9.0\Cocktail.back.exe". Se super├│ el n├║mero de 10 reintentos. Error. El archivo se ha bloqueado por: "Cocktail.back (324)" [C:\Users\BRAN\OneDrive\Desktop\proyecto granizado\GranisadosCandyCocktail\Cocktail.back\Cocktail.back.csproj]
C:\Program Files\dotnet\sdk\9.0.300\Microsoft.Common.CurrentVersion.targets(5395,5): error MSB3021: No se puede copiar "C:\Users\BRAN\OneDrive\Desktop\proyecto granizado\GranisadosCandyCocktail\Cocktail.back\obj\Debug\net9.0\apphost.exe" en "bin\Debug\net9.0\Cocktail.back.exe". The process cannot access the file 'C:\Users\BRAN\OneDrive\Desktop\proyecto granizado\GranisadosCandyCocktail\Cocktail.back\bin\Debug\net9.0\Cocktail.back.exe' because it is being used by another process. [C:\Users\BRAN\OneDrive\Desktop\proyecto granizado\GranisadosCandyCocktail\Cocktail.back\Cocktail.back.csproj]

ERROR al compilar.

C:\Program Files\dotnet\sdk\9.0.300\Microsoft.Common.CurrentVersion.targets(5395,5): warning MSB3026: No se pudo copiar "C:\Users\BRAN\OneDrive\Desktop\proyecto granizado\GranisadosCandyCocktail\Cocktail.back\obj\Debug\net9.0\apphost.exe" en "bin\Debug\net9.0\Cocktail.back.exe". Se iniciar├í el reintento 1 dentro de 1000ms. The process cannot access the file 'C:\Users\BRAN\OneDrive\Desktop\proyecto granizado\GranisadosCandyCocktail\Cocktail.back\bin\Debug\net9.0\Cocktail.back.exe' because it is being used by another process. El archivo se ha bloqueado por: "Cocktail.back (324)" [C:\Users\BRAN\OneDrive\Desktop\proyecto granizado\GranisadosCandyCocktail\Cocktail.back\Cocktail.back.csproj]
C:\Program Files\dotnet\sdk\9.0.300\Microsoft.Common.CurrentVersion.targets(5395,5): warning MSB3026: No se pudo copiar "C:\Users\BRAN\OneDrive\Desktop\proyecto granizado\GranisadosCandyCocktail\Cocktail.back\obj\Debug\net9.0\apphost.exe" en "bin\Debug\net9.0\Cocktail.back.exe". Se iniciar├í el reintento 2 dentro de 1000ms. The process cannot access the file 'C:\Users\BRAN\OneDrive\Desktop\proyecto granizado\GranisadosCandyCocktail\Cocktail.back\bin\Debug\net9.0\Cocktail.back.exe' because it is being used by another process. El archivo se ha bloqueado por: "Cocktail.back (324)" [C:\Users\BRAN\OneDrive\Desktop\proyecto granizado\GranisadosCandyCocktail\Cocktail.back\Cocktail.back.csproj]
C:\Program Files\dotnet\sdk\9.0.300\Microsoft.Common.CurrentVersion.targets(5395,5): warning MSB3026: No se pudo copiar "C:\Users\BRAN\OneDrive\Desktop\proyecto granizado\GranisadosCandyCocktail\Cocktail.back\obj\Debug\net9.0\apphost.exe" en "bin\Debug\net9.0\Cocktail.back.exe". Se iniciar├í el reintento 3 dentro de 1000ms. The process cannot access the file 'C:\Users\BRAN\OneDrive\Desktop\proyecto granizado\GranisadosCandyCocktail\Cocktail.back\bin\Debug\net9.0\Cocktail.back.exe' because it is being used by another process. El archivo se ha bloqueado por: "Cocktail.back (324)" [C:\Users\BRAN\OneDrive\Desktop\proyecto granizado\GranisadosCandyCocktail\Cocktail.back\Cocktail.back.csproj]
C:\Program Files\dotnet\sdk\9.0.300\Microsoft.Common.CurrentVersion.targets(5395,5): warning MSB3026: No se pudo copiar "C:\Users\BRAN\OneDrive\Desktop\proyecto granizado\GranisadosCandyCocktail\Cocktail.back\obj\Debug\net9.0\apphost.exe" en "bin\Debug\net9.0\Cocktail.back.exe". Se iniciar├í el reintento 4 dentro de 1000ms. The process cannot access the file 'C:\Users\BRAN\OneDrive\Desktop\proyecto granizado\GranisadosCandyCocktail\Cocktail.back\bin\Debug\net9.0\Cocktail.back.exe' because it is being used by another process. El archivo se ha bloqueado por: "Cocktail.back (324)" [C:\Users\BRAN\OneDrive\Desktop\proyecto granizado\GranisadosCandyCocktail\Cocktail.back\Cocktail.back.csproj]
C:\Program Files\dotnet\sdk\9.0.300\Microsoft.Common.CurrentVersion.targets(5395,5): warning MSB3026: No se pudo copiar "C:\Users\BRAN\OneDrive\Desktop\proyecto granizado\GranisadosCandyCocktail\Cocktail.back\obj\Debug\net9.0\apphost.exe" en "bin\Debug\net9.0\Cocktail.back.exe". Se iniciar├í el reintento 5 dentro de 1000ms. The process cannot access the file 'C:\Users\BRAN\OneDrive\Desktop\proyecto granizado\GranisadosCandyCocktail\Cocktail.back\bin\Debug\net9.0\Cocktail.back.exe' because it is being used by another process. El archivo se ha bloqueado por: "Cocktail.back (324)" [C:\Users\BRAN\OneDrive\Desktop\proyecto granizado\GranisadosCandyCocktail\Cocktail.back\Cocktail.back.csproj]
C:\Program Files\dotnet\sdk\9.0.300\Microsoft.Common.CurrentVersion.targets(5395,5): warning MSB3026: No se pudo copiar "C:\Users\BRAN\OneDrive\Desktop\proyecto granizado\GranisadosCandyCocktail\Cocktail.back\obj\Debug\net9.0\apphost.exe" en "bin\Debug\net9.0\Cocktail.back.exe". Se iniciar├í el reintento 6 dentro de 1000ms. The process cannot access the file 'C:\Users\BRAN\OneDrive\Desktop\proyecto granizado\GranisadosCandyCocktail\Cocktail.back\bin\Debug\net9.0\Cocktail.back.exe' because it is being used by another process. El archivo se ha bloqueado por: "Cocktail.back (324)" [C:\Users\BRAN\OneDrive\Desktop\proyecto granizado\GranisadosCandyCocktail\Cocktail.back\Cocktail.back.csproj]
C:\Program Files\dotnet\sdk\9.0.300\Microsoft.Common.CurrentVersion.targets(5395,5): warning MSB3026: No se pudo copiar "C:\Users\BRAN\OneDrive\Desktop\proyecto granizado\GranisadosCandyCocktail\Cocktail.back\obj\Debug\net9.0\apphost.exe" en "bin\Debug\net9.0\Cocktail.back.exe". Se iniciar├í el reintento 7 dentro de 1000ms. The process cannot access the file 'C:\Users\BRAN\OneDrive\Desktop\proyecto granizado\GranisadosCandyCocktail\Cocktail.back\bin\Debug\net9.0\Cocktail.back.exe' because it is being used by another process. El archivo se ha bloqueado por: "Cocktail.back (324)" [C:\Users\BRAN\OneDrive\Desktop\proyecto granizado\GranisadosCandyCocktail\Cocktail.back\Cocktail.back.csproj]
C:\Program Files\dotnet\sdk\9.0.300\Microsoft.Common.CurrentVersion.targets(5395,5): warning MSB3026: No se pudo copiar "C:\Users\BRAN\OneDrive\Desktop\proyecto granizado\GranisadosCandyCocktail\Cocktail.back\obj\Debug\net9.0\apphost.exe" en "bin\Debug\net9.0\Cocktail.back.exe". Se iniciar├í el reintento 8 dentro de 1000ms. The process cannot access the file 'C:\Users\BRAN\OneDrive\Desktop\proyecto granizado\GranisadosCandyCocktail\Cocktail.back\bin\Debug\net9.0\Cocktail.back.exe' because it is being used by another process. El archivo se ha bloqueado por: "Cocktail.back (324)" [C:\Users\BRAN\OneDrive\Desktop\proyecto granizado\GranisadosCandyCocktail\Cocktail.back\Cocktail.back.csproj]
C:\Program Files\dotnet\sdk\9.0.300\Microsoft.Common.CurrentVersion.targets(5395,5): warning MSB3026: No se pudo copiar "C:\Users\BRAN\OneDrive\Desktop\proyecto granizado\GranisadosCandyCocktail\Cocktail.back\obj\Debug\net9.0\apphost.exe" en "bin\Debug\net9.0\Cocktail.back.exe". Se iniciar├í el reintento 9 dentro de 1000ms. The process cannot access the file 'C:\Users\BRAN\OneDrive\Desktop\proyecto granizado\GranisadosCandyCocktail\Cocktail.back\bin\Debug\net9.0\Cocktail.back.exe' because it is being used by another process. El archivo se ha bloqueado por: "Cocktail.back (324)" [C:\Users\BRAN\OneDrive\Desktop\proyecto granizado\GranisadosCandyCocktail\Cocktail.back\Cocktail.back.csproj]
C:\Program Files\dotnet\sdk\9.0.300\Microsoft.Common.CurrentVersion.targets(5395,5): warning MSB3026: No se pudo copiar "C:\Users\BRAN\OneDrive\Desktop\proyecto granizado\GranisadosCandyCocktail\Cocktail.back\obj\Debug\net9.0\apphost.exe" en "bin\Debug\net9.0\Cocktail.back.exe". Se iniciar├í el reintento 10 dentro de 1000ms. The process cannot access the file 'C:\Users\BRAN\OneDrive\Desktop\proyecto granizado\GranisadosCandyCocktail\Cocktail.back\bin\Debug\net9.0\Cocktail.back.exe' because it is being used by another process. El archivo se ha bloqueado por: "Cocktail.back (324)" [C:\Users\BRAN\OneDrive\Desktop\proyecto granizado\GranisadosCandyCocktail\Cocktail.back\Cocktail.back.csproj]
C:\Program Files\dotnet\sdk\9.0.300\Microsoft.Common.CurrentVersion.targets(5395,5): error MSB3027: No se pudo copiar "C:\Users\BRAN\OneDrive\Desktop\proyecto granizado\GranisadosCandyCocktail\Cocktail.back\obj\Debug\net9.0\apphost.exe" en "bin\Debug\net9.0\Cocktail.back.exe". Se super├│ el n├║mero de 10 reintentos. Error. El archivo se ha bloqueado por: "Cocktail.back (324)" [C:\Users\BRAN\OneDrive\Desktop\proyecto granizado\GranisadosCandyCocktail\Cocktail.back\Cocktail.back.csproj]
C:\Program Files\dotnet\sdk\9.0.300\Microsoft.Common.CurrentVersion.targets(5395,5): error MSB3021: No se puede copiar "C:\Users\BRAN\OneDrive\Desktop\proyecto granizado\GranisadosCandyCocktail\Cocktail.back\obj\Debug\net9.0\apphost.exe" en "bin\Debug\net9.0\Cocktail.back.exe". The process cannot access the file 'C:\Users\BRAN\OneDrive\Desktop\proyecto granizado\GranisadosCandyCocktail\Cocktail.back\bin\Debug\net9.0\Cocktail.back.exe' because it is being used by another process. [C:\Users\BRAN\OneDrive\Desktop\proyecto granizado\GranisadosCandyCocktail\Cocktail.back\Cocktail.back.csproj]
    10 Advertencia(s)
    2 Errores

Tiempo transcurrido 00:00:13.22

Hay actualizaciones de carga de trabajo disponibles. Ejecute "dotnet workload list" para obtener m├ís informaci├│n.
